// Jest Snapshot v1, https://jestjs.io/docs/snapshot-testing

exports[`produces a stable deck for Markdown upload 1`] = `
[
  {
    "cardCount": 4,
    "cards": [
      {
        "back": "<p>Nairobi</p>
",
        "front": "<ul>
<li>What is the capital of Kenya?</li>
</ul>
",
        "media": [],
        "tags": [],
        "type": "cloze",
      },
      {
        "back": "<p>Oslo</p>
",
        "front": "<ul>
<li>What is the capital of Norway</li>
</ul>
",
        "media": [],
        "tags": [],
        "type": "cloze",
      },
      {
        "back": "<p>Stockholm</p>
",
        "front": "<ul>
<li>What is the capital of Sweden</li>
</ul>
",
        "media": [],
        "tags": [],
        "type": "cloze",
      },
      {
        "back": "<p><strong>Helsinki</strong></p>
",
        "front": "<ul>
<li>What is the capital of Finland</li>
</ul>
",
        "media": [],
        "tags": [],
        "type": "cloze",
      },
    ],
    "globalTags": [],
    "name": "Simple Deck",
    "styleBytes": 0,
  },
]
`;

exports[`produces a stable deck for Notion cloze export 1`] = `
[
  {
    "cardCount": 10,
    "cards": [
      {
        "back": "
						
					",
        "front": "<div class='toggle'>1️⃣{{c1::Canberra}} was founded in 1️⃣{{c2::1913}}.
						</div>",
        "media": [],
        "tags": [],
        "type": "cloze",
      },
      {
        "back": "
						
					",
        "front": "<div class='toggle'>The {{c1::second}} number is 2️⃣</div>",
        "media": [],
        "tags": [],
        "type": "cloze",
      },
      {
        "back": "
						
					",
        "front": "<div class='toggle'>The {{c1::third}} number is 3️⃣</div>",
        "media": [],
        "tags": [],
        "type": "cloze",
      },
      {
        "back": "
						
					",
        "front": "<div class='toggle'>The {{c1::fourth}} number is 4️⃣</div>",
        "media": [],
        "tags": [],
        "type": "cloze",
      },
      {
        "back": "
						
					",
        "front": "<div class='toggle'>The {{c1::fifth}} number is 5️⃣</div>",
        "media": [],
        "tags": [],
        "type": "cloze",
      },
      {
        "back": "
						
					",
        "front": "<div class='toggle'>The {{c1::sixth}} number is 6️⃣</div>",
        "media": [],
        "tags": [],
        "type": "cloze",
      },
      {
        "back": "
						
					",
        "front": "<div class='toggle'>The {{c1::seventh}} number is 7️⃣</div>",
        "media": [],
        "tags": [],
        "type": "cloze",
      },
      {
        "back": "
						
					",
        "front": "<div class='toggle'>The {{c1::eight}} number is 8️⃣</div>",
        "media": [],
        "tags": [],
        "type": "cloze",
      },
      {
        "back": "
						
					",
        "front": "<div class='toggle'>The {{c1::nineth}} number is 9️⃣</div>",
        "media": [],
        "tags": [],
        "type": "cloze",
      },
      {
        "back": "
						
					",
        "front": "<div class='toggle'>The {{c1::tenth}} number is 🔟</div>",
        "media": [],
        "tags": [],
        "type": "cloze",
      },
    ],
    "globalTags": [],
    "name": "Grouped Cloze Deletions",
    "styleBytes": 27554,
  },
]
`;

exports[`produces a stable deck for Notion nested toggles 1`] = `
[
  {
    "cardCount": 1,
    "cards": [
      {
        "back": "
						
						<ul id="0c61603c-a49f-49fd-87c2-4230f074c27d" class="toggle">
							<li>
								<details class="toggle">
									<summary class="toggle">Child - 🍒 Capital of
										<code>Sweden</code> is
										<code>Stockholm</code></summary>
								</details>
							</li>
						</ul>
						<ul id="93c2865d-8751-4b2c-ab93-35c0bd035d3e" class="toggle">
							<li>
								<details class="toggle">
									<summary class="toggle">Grand child - Nested</summary>
									<ul id="38cea757-9174-4805-9b76-153900721eae" class="toggle">
										<li>
											<details class="toggle">
												<summary class="toggle">🍒 Capital of
													<code>Albania</code>
													is
													<code>Tirana</code>
												</summary>
											</details>
										</li>
									</ul>
									<ul id="d385bcab-ba39-4647-8dc6-ddd73848cb62" class="toggle">
										<li>
											<details class="toggle">
												<summary class="toggle">🍒 Capital of
													<code>Austria</code>
													is
													<code>Vienna</code>
												</summary>
											</details>
										</li>
									</ul>
									<ul id="3fcf063f-30f1-40b9-b6bf-864e34a0e928" class="toggle">
										<li>
											<details class="toggle">
												<summary class="toggle">🍒 Capital of
													<code>Azerbaijan</code>
													is
													<code>Baku</code>
												</summary>
											</details>
										</li>
									</ul>
									<p id="c6879c4f-0e40-4e38-a816-6aa74224186d" class="">
									</p>
								</details>
							</li>
						</ul>
					",
        "front": "<div class='toggle'>Parent - Top level</div>",
        "media": [],
        "tags": [],
        "type": "cloze",
      },
    ],
    "globalTags": [],
    "name": "🗺️ Capitals in Europe",
    "styleBytes": 27554,
  },
]
`;

exports[`produces a stable deck for Notion page with a remote image 1`] = `
[
  {
    "cardCount": 1,
    "cards": [
      {
        "back": "<html><head></head><body><figure class="image"><img src="c97cfbb92381fe7b4b44188669ef61fd7beff685e1c85810e13e53a21fb0fe3f8ed74901c1db96f90834fbe964e9823f8798.png"></figure>
<p>The mitochondrion.</p></body></html>",
        "front": "<div class='toggle'>What does the diagram show?</div>",
        "media": [
          "c97cfbb92381fe7b4b44188669ef61fd7beff685e1c85810e13e53a21fb0fe3f8ed74901c1db96f90834fbe964e9823f8798.png",
        ],
        "tags": [],
        "type": "cloze",
      },
    ],
    "globalTags": [],
    "name": "Remote image deck",
    "styleBytes": 15012,
  },
]
`;

exports[`produces a stable deck for Notion page with an image 1`] = `
[
  {
    "cardCount": 3,
    "cards": [
      {
        "back": "<p id="2429bda0-3b9f-47af-b7d0-c9f2edfab3f3" class=""><strong>This is the back. In bold font.</strong></p>",
        "front": "<div class='toggle'><strong>Front</strong></div>",
        "media": [],
        "tags": [],
        "type": "cloze",
      },
      {
        "back": "<p id="410dc1a5-1b5d-487b-ae39-ef9f5deea236" class=""></p>",
        "front": "<div class='toggle'><em>Back </em><a href="https://google.com"><strong><em>https://google.com</em></strong></a></div>",
        "media": [],
        "tags": [
          "Colored",
        ],
        "type": "cloze",
      },
      {
        "back": "<html><head></head><body><figure id="202b0d67-c058-4bc6-b1ce-9e35b753128b" class="image"><a href="HTML%20test%20202b0d67c0584bc6b1ce9e35b753128b/Skjermbilde_2020-05-13_kl._19.45.08.png"><img style="width:532px" src="Skjermbilde_2020-05-13_kl._19.45.08.png"></a></figure></body></html>",
        "front": "<div class='toggle'>With an image</div>",
        "media": [],
        "tags": [],
        "type": "cloze",
      },
    ],
    "globalTags": [],
    "name": "HTML test",
    "styleBytes": 26220,
  },
]
`;
