// Jest Snapshot v1, https://jestjs.io/docs/snapshot-testing

exports[`produces a stable rendered page for a mixed Notion block tree 1`] = `
{
  "html": "<h1>Cell biology</h1>
<p><span class="n2a-highlight-red" style="color: #E03E3E">A quick review.</span></p>
<ul><li>Mitochondria</li><li>Ribosomes</li></ul>
<img src="ankify-diagram1.png">
<ul><li>Nucleus</li></ul>
<ol><li>First</li><li>Second</li></ol>
<div class="todo">☐ Memorise the diagram</div>
<blockquote>The cell is the unit of life.</blockquote>
<pre><code class="hljs language-javascript"><span class="hljs-keyword">const</span> atp = <span class="hljs-title function_">synthesise</span>();</code></pre>
\\[E = mc^2\\]
<hr>
<div class="callout">💡 Exam tip<p>Cells were first observed by Hooke.</p></div>
<details><summary>Reveal answer</summary><p>ATP is the energy currency.</p></details>
[sound:ankify-audio1.mp3]
<iframe width="560" height="315" src="https://www.youtube.com/embed/dQw4w9WgXcQ?" frameborder="0" allowfullscreen></iframe>
<a href="https://example.com/source">https://example.com/source</a>
<table><thead><tr><th>Organelle</th><th>Role</th></tr></thead><tbody><tr><td>Mitochondria</td><td>ATP synthesis</td></tr></tbody></table>
<p>Left column note.</p>
<p>Right column note.</p>",
  "media": [
    {
      "block_id": "diagram1",
      "filename": "ankify-diagram1.png",
      "kind": "image",
      "source": "external",
      "url": "https://x/cell.png",
    },
    {
      "block_id": "audio1",
      "filename": "ankify-audio1.mp3",
      "kind": "audio",
      "source": "external",
      "url": "https://x/pronounce.mp3",
    },
    {
      "block_id": "video1",
      "kind": "video",
      "source": "external",
      "url": "https://youtu.be/dQw4w9WgXcQ",
    },
  ],
  "unsupportedTypes": [],
}
`;
